
> ncn-academy-api@1.0.0 lint
> eslint src --ext .ts


Oops! Something went wrong! :(

ESLint: 8.57.1

ESLint couldn't find a configuration file. To set up a configuration file for this project, please run:

    npm init @eslint/config

ESLint looked for configuration files in D:\NCN-Academy\apps\api\src and its ancestors. If it found none, it then looked in your home directory.

If you think you already have a configuration file or if you need more help, please stop by the ESLint Discord server: https://eslint.org/chat

npm error Lifecycle script `lint` failed with error:
npm error code 2
npm error path D:\NCN-Academy\apps\api
npm error workspace ncn-academy-api@1.0.0
npm error location D:\NCN-Academy\apps\api
npm error command failed
npm error command C:\Windows\system32\cmd.exe /d /s /c eslint src --ext .ts
npm notice
npm notice New major version of npm available! 11.16.0 -> 12.0.2
npm notice Changelog: https://github.com/npm/cli/releases/tag/v12.0.2
npm notice To update run: npm install -g npm@12.0.2
npm notice
